// Jest Snapshot v1, https://goo.gl/fbAQLP

exports[`<SignUp /> renders Component 1`] = `
ShallowWrapper {
  "length": 1,
  Symbol(enzyme.__root__): [Circular],
  Symbol(enzyme.__unrendered__): <SignUp
    onBack={[Function]}
    onClose={[Function]}
/>,
  Symbol(enzyme.__renderer__): Object {
    "batchedUpdates": [Function],
    "getNode": [Function],
    "render": [Function],
    "simulateEvent": [Function],
    "unmount": [Function],
  },
  Symbol(enzyme.__node__): Object {
    "instance": null,
    "key": undefined,
    "nodeType": "host",
    "props": Object {
      "children": Array [
        <FormHeader
          onBack={[Function]}
          title="Sign Up"
/>,
        <form
          className={undefined}
          name="signUpForm"
          noValidate={true}
          onSubmit={[Function]}
>
          <TextInput
                    error={true}
                    errorMessage="Email is not valid"
                    label="Email"
                    name="email"
                    onChange={[Function]}
                    required="true"
                    type="email"
                    value=""
          />
          <TextInput
                    error={true}
                    errorMessage="Password should be between 5 and 12 characters"
                    label="Password"
                    name="password"
                    onChange={[Function]}
                    required="true"
                    type="password"
                    value=""
          />
          <label
                    className={undefined}
          >
                    Full Name
          </label>
          <input
                    className={undefined}
                    name="firstName"
                    onChange={[Function]}
                    placeholder="First"
                    type="text"
          />
           
          <input
                    className={undefined}
                    name="lastName"
                    onChange={[Function]}
                    placeholder="Last"
                    type="text"
          />
          <div
                    className={undefined}
          >
                    <input
                              className={undefined}
                              disabled={true}
                              type="submit"
                              value="Create Account"
                    />
          </div>
</form>,
      ],
    },
    "ref": null,
    "rendered": Array [
      Object {
        "instance": null,
        "key": undefined,
        "nodeType": "class",
        "props": Object {
          "onBack": [Function],
          "title": "Sign Up",
        },
        "ref": null,
        "rendered": null,
        "type": [Function],
      },
      Object {
        "instance": null,
        "key": undefined,
        "nodeType": "host",
        "props": Object {
          "children": Array [
            <TextInput
              error={true}
              errorMessage="Email is not valid"
              label="Email"
              name="email"
              onChange={[Function]}
              required="true"
              type="email"
              value=""
/>,
            <TextInput
              error={true}
              errorMessage="Password should be between 5 and 12 characters"
              label="Password"
              name="password"
              onChange={[Function]}
              required="true"
              type="password"
              value=""
/>,
            <label
              className={undefined}
>
              Full Name
</label>,
            <input
              className={undefined}
              name="firstName"
              onChange={[Function]}
              placeholder="First"
              type="text"
/>,
            " ",
            <input
              className={undefined}
              name="lastName"
              onChange={[Function]}
              placeholder="Last"
              type="text"
/>,
            <div
              className={undefined}
>
              <input
                            className={undefined}
                            disabled={true}
                            type="submit"
                            value="Create Account"
              />
</div>,
          ],
          "className": undefined,
          "name": "signUpForm",
          "noValidate": true,
          "onSubmit": [Function],
        },
        "ref": null,
        "rendered": Array [
          Object {
            "instance": null,
            "key": undefined,
            "nodeType": "class",
            "props": Object {
              "error": true,
              "errorMessage": "Email is not valid",
              "label": "Email",
              "name": "email",
              "onChange": [Function],
              "required": "true",
              "type": "email",
              "value": "",
            },
            "ref": null,
            "rendered": null,
            "type": [Function],
          },
          Object {
            "instance": null,
            "key": undefined,
            "nodeType": "class",
            "props": Object {
              "error": true,
              "errorMessage": "Password should be between 5 and 12 characters",
              "label": "Password",
              "name": "password",
              "onChange": [Function],
              "required": "true",
              "type": "password",
              "value": "",
            },
            "ref": null,
            "rendered": null,
            "type": [Function],
          },
          Object {
            "instance": null,
            "key": undefined,
            "nodeType": "host",
            "props": Object {
              "children": "Full Name",
              "className": undefined,
            },
            "ref": null,
            "rendered": "Full Name",
            "type": "label",
          },
          Object {
            "instance": null,
            "key": undefined,
            "nodeType": "host",
            "props": Object {
              "className": undefined,
              "name": "firstName",
              "onChange": [Function],
              "placeholder": "First",
              "type": "text",
            },
            "ref": null,
            "rendered": null,
            "type": "input",
          },
          " ",
          Object {
            "instance": null,
            "key": undefined,
            "nodeType": "host",
            "props": Object {
              "className": undefined,
              "name": "lastName",
              "onChange": [Function],
              "placeholder": "Last",
              "type": "text",
            },
            "ref": null,
            "rendered": null,
            "type": "input",
          },
          Object {
            "instance": null,
            "key": undefined,
            "nodeType": "host",
            "props": Object {
              "children": <input
                className={undefined}
                disabled={true}
                type="submit"
                value="Create Account"
/>,
              "className": undefined,
            },
            "ref": null,
            "rendered": Object {
              "instance": null,
              "key": undefined,
              "nodeType": "host",
              "props": Object {
                "className": undefined,
                "disabled": true,
                "type": "submit",
                "value": "Create Account",
              },
              "ref": null,
              "rendered": null,
              "type": "input",
            },
            "type": "div",
          },
        ],
        "type": "form",
      },
    ],
    "type": "div",
  },
  Symbol(enzyme.__nodes__): Array [
    Object {
      "instance": null,
      "key": undefined,
      "nodeType": "host",
      "props": Object {
        "children": Array [
          <FormHeader
            onBack={[Function]}
            title="Sign Up"
/>,
          <form
            className={undefined}
            name="signUpForm"
            noValidate={true}
            onSubmit={[Function]}
>
            <TextInput
                        error={true}
                        errorMessage="Email is not valid"
                        label="Email"
                        name="email"
                        onChange={[Function]}
                        required="true"
                        type="email"
                        value=""
            />
            <TextInput
                        error={true}
                        errorMessage="Password should be between 5 and 12 characters"
                        label="Password"
                        name="password"
                        onChange={[Function]}
                        required="true"
                        type="password"
                        value=""
            />
            <label
                        className={undefined}
            >
                        Full Name
            </label>
            <input
                        className={undefined}
                        name="firstName"
                        onChange={[Function]}
                        placeholder="First"
                        type="text"
            />
             
            <input
                        className={undefined}
                        name="lastName"
                        onChange={[Function]}
                        placeholder="Last"
                        type="text"
            />
            <div
                        className={undefined}
            >
                        <input
                                    className={undefined}
                                    disabled={true}
                                    type="submit"
                                    value="Create Account"
                        />
            </div>
</form>,
        ],
      },
      "ref": null,
      "rendered": Array [
        Object {
          "instance": null,
          "key": undefined,
          "nodeType": "class",
          "props": Object {
            "onBack": [Function],
            "title": "Sign Up",
          },
          "ref": null,
          "rendered": null,
          "type": [Function],
        },
        Object {
          "instance": null,
          "key": undefined,
          "nodeType": "host",
          "props": Object {
            "children": Array [
              <TextInput
                error={true}
                errorMessage="Email is not valid"
                label="Email"
                name="email"
                onChange={[Function]}
                required="true"
                type="email"
                value=""
/>,
              <TextInput
                error={true}
                errorMessage="Password should be between 5 and 12 characters"
                label="Password"
                name="password"
                onChange={[Function]}
                required="true"
                type="password"
                value=""
/>,
              <label
                className={undefined}
>
                Full Name
</label>,
              <input
                className={undefined}
                name="firstName"
                onChange={[Function]}
                placeholder="First"
                type="text"
/>,
              " ",
              <input
                className={undefined}
                name="lastName"
                onChange={[Function]}
                placeholder="Last"
                type="text"
/>,
              <div
                className={undefined}
>
                <input
                                className={undefined}
                                disabled={true}
                                type="submit"
                                value="Create Account"
                />
</div>,
            ],
            "className": undefined,
            "name": "signUpForm",
            "noValidate": true,
            "onSubmit": [Function],
          },
          "ref": null,
          "rendered": Array [
            Object {
              "instance": null,
              "key": undefined,
              "nodeType": "class",
              "props": Object {
                "error": true,
                "errorMessage": "Email is not valid",
                "label": "Email",
                "name": "email",
                "onChange": [Function],
                "required": "true",
                "type": "email",
                "value": "",
              },
              "ref": null,
              "rendered": null,
              "type": [Function],
            },
            Object {
              "instance": null,
              "key": undefined,
              "nodeType": "class",
              "props": Object {
                "error": true,
                "errorMessage": "Password should be between 5 and 12 characters",
                "label": "Password",
                "name": "password",
                "onChange": [Function],
                "required": "true",
                "type": "password",
                "value": "",
              },
              "ref": null,
              "rendered": null,
              "type": [Function],
            },
            Object {
              "instance": null,
              "key": undefined,
              "nodeType": "host",
              "props": Object {
                "children": "Full Name",
                "className": undefined,
              },
              "ref": null,
              "rendered": "Full Name",
              "type": "label",
            },
            Object {
              "instance": null,
              "key": undefined,
              "nodeType": "host",
              "props": Object {
                "className": undefined,
                "name": "firstName",
                "onChange": [Function],
                "placeholder": "First",
                "type": "text",
              },
              "ref": null,
              "rendered": null,
              "type": "input",
            },
            " ",
            Object {
              "instance": null,
              "key": undefined,
              "nodeType": "host",
              "props": Object {
                "className": undefined,
                "name": "lastName",
                "onChange": [Function],
                "placeholder": "Last",
                "type": "text",
              },
              "ref": null,
              "rendered": null,
              "type": "input",
            },
            Object {
              "instance": null,
              "key": undefined,
              "nodeType": "host",
              "props": Object {
                "children": <input
                  className={undefined}
                  disabled={true}
                  type="submit"
                  value="Create Account"
/>,
                "className": undefined,
              },
              "ref": null,
              "rendered": Object {
                "instance": null,
                "key": undefined,
                "nodeType": "host",
                "props": Object {
                  "className": undefined,
                  "disabled": true,
                  "type": "submit",
                  "value": "Create Account",
                },
                "ref": null,
                "rendered": null,
                "type": "input",
              },
              "type": "div",
            },
          ],
          "type": "form",
        },
      ],
      "type": "div",
    },
  ],
  Symbol(enzyme.__options__): Object {
    "adapter": ReactSixteenAdapter {
      "options": Object {
        "enableComponentDidUpdateOnSetState": true,
      },
    },
  },
}
`;
